
> build
> vite build

[36mvite v7.3.6 [32mbuilding client environment for production...[36m[39m
transforming...
[32m✓[39m 3145 modules transformed.
rendering chunks...
computing gzip size...
[2m.output/public/[22m[35massets/styles-D6WaNlx7.css                      [39m[1m[2m 96.39 kB[22m[1m[22m[2m │ gzip:  16.06 kB[22m
[2m.output/public/[22m[36massets/check-C3yn2Rbx.js                        [39m[1m[2m  0.13 kB[22m[1m[22m[2m │ gzip:   0.15 kB[22m
[2m.output/public/[22m[36massets/plus-BgZhokY2.js                         [39m[1m[2m  0.17 kB[22m[1m[22m[2m │ gzip:   0.16 kB[22m
[2m.output/public/[22m[36massets/x-3mlA4T3w.js                            [39m[1m[2m  0.17 kB[22m[1m[22m[2m │ gzip:   0.16 kB[22m
[2m.output/public/[22m[36massets/search-Bsri0jvC.js                       [39m[1m[2m  0.18 kB[22m[1m[22m[2m │ gzip:   0.17 kB[22m
[2m.output/public/[22m[36massets/circle-check-Vdvup5oN.js                 [39m[1m[2m  0.19 kB[22m[1m[22m[2m │ gzip:   0.18 kB[22m
[2m.output/public/[22m[36massets/trending-up-j07YA6Yb.js                  [39m[1m[2m  0.19 kB[22m[1m[22m[2m │ gzip:   0.18 kB[22m
[2m.output/public/[22m[36massets/user-BxwYOdwp.js                         [39m[1m[2m  0.20 kB[22m[1m[22m[2m │ gzip:   0.19 kB[22m
[2m.output/public/[22m[36massets/flame-CZ9VBHwH.js                        [39m[1m[2m  0.21 kB[22m[1m[22m[2m │ gzip:   0.19 kB[22m
[2m.output/public/[22m[36massets/skeleton-DcjYK8_g.js                     [39m[1m[2m  0.21 kB[22m[1m[22m[2m │ gzip:   0.18 kB[22m
[2m.output/public/[22m[36massets/lock-DAGsr_Um.js                         [39m[1m[2m  0.21 kB[22m[1m[22m[2m │ gzip:   0.20 kB[22m
[2m.output/public/[22m[36massets/chevron-up-M27JTO0g.js                   [39m[1m[2m  0.22 kB[22m[1m[22m[2m │ gzip:   0.18 kB[22m
[2m.output/public/[22m[36massets/mail-D_e5dHgw.js                         [39m[1m[2m  0.23 kB[22m[1m[22m[2m │ gzip:   0.21 kB[22m
[2m.output/public/[22m[36massets/index-Be9edlvA.js                        [39m[1m[2m  0.23 kB[22m[1m[22m[2m │ gzip:   0.17 kB[22m
[2m.output/public/[22m[36massets/target-BG4ziyqK.js                       [39m[1m[2m  0.23 kB[22m[1m[22m[2m │ gzip:   0.17 kB[22m
[2m.output/public/[22m[36massets/app-url-Ox2ONZ9i.js                      [39m[1m[2m  0.24 kB[22m[1m[22m[2m │ gzip:   0.20 kB[22m
[2m.output/public/[22m[36massets/log-out-B4xIg7xU.js                      [39m[1m[2m  0.24 kB[22m[1m[22m[2m │ gzip:   0.20 kB[22m
[2m.output/public/[22m[36massets/circle-D3lw_xmV.js                       [39m[1m[2m  0.25 kB[22m[1m[22m[2m │ gzip:   0.21 kB[22m
[2m.output/public/[22m[36massets/flag-duTosKR5.js                         [39m[1m[2m  0.27 kB[22m[1m[22m[2m │ gzip:   0.22 kB[22m
[2m.output/public/[22m[36massets/calendar-DUq2ysiP.js                     [39m[1m[2m  0.27 kB[22m[1m[22m[2m │ gzip:   0.21 kB[22m
[2m.output/public/[22m[36massets/zap-CkXmHPRD.js                          [39m[1m[2m  0.27 kB[22m[1m[22m[2m │ gzip:   0.22 kB[22m
[2m.output/public/[22m[36massets/triangle-alert-CYbXMAdq.js               [39m[1m[2m  0.28 kB[22m[1m[22m[2m │ gzip:   0.22 kB[22m
[2m.output/public/[22m[36massets/pencil-CxIUruea.js                       [39m[1m[2m  0.29 kB[22m[1m[22m[2m │ gzip:   0.23 kB[22m
[2m.output/public/[22m[36massets/book-open-BZ9g0Y73.js                    [39m[1m[2m  0.29 kB[22m[1m[22m[2m │ gzip:   0.22 kB[22m
[2m.output/public/[22m[36massets/eraser-BOLOZdxd.js                       [39m[1m[2m  0.29 kB[22m[1m[22m[2m │ gzip:   0.23 kB[22m
[2m.output/public/[22m[36massets/wallet-hLcyIr7T.js                       [39m[1m[2m  0.30 kB[22m[1m[22m[2m │ gzip:   0.22 kB[22m
[2m.output/public/[22m[36massets/send-IC31wkPn.js                         [39m[1m[2m  0.30 kB[22m[1m[22m[2m │ gzip:   0.24 kB[22m
[2m.output/public/[22m[36massets/plane-BUNLuzSK.js                        [39m[1m[2m  0.31 kB[22m[1m[22m[2m │ gzip:   0.26 kB[22m
[2m.output/public/[22m[36massets/users-C7Z5gwow.js                        [39m[1m[2m  0.32 kB[22m[1m[22m[2m │ gzip:   0.24 kB[22m
[2m.output/public/[22m[36massets/shield-check-BiGXESso.js                 [39m[1m[2m  0.33 kB[22m[1m[22m[2m │ gzip:   0.26 kB[22m
[2m.output/public/[22m[36massets/bot-C13jE_0i.js                          [39m[1m[2m  0.34 kB[22m[1m[22m[2m │ gzip:   0.24 kB[22m
[2m.output/public/[22m[36massets/trash-2-25UE2aY0.js                      [39m[1m[2m  0.34 kB[22m[1m[22m[2m │ gzip:   0.23 kB[22m
[2m.output/public/[22m[36massets/graduation-cap-XAj8pGgP.js               [39m[1m[2m  0.34 kB[22m[1m[22m[2m │ gzip:   0.26 kB[22m
[2m.output/public/[22m[36massets/file-text-Dpnwh2Tq.js                    [39m[1m[2m  0.40 kB[22m[1m[22m[2m │ gzip:   0.26 kB[22m
[2m.output/public/[22m[36massets/map-pin-D4Ow8tR_.js                      [39m[1m[2m  0.44 kB[22m[1m[22m[2m │ gzip:   0.31 kB[22m
[2m.output/public/[22m[36massets/rocket-By84QJss.js                       [39m[1m[2m  0.46 kB[22m[1m[22m[2m │ gzip:   0.31 kB[22m
[2m.output/public/[22m[36massets/profile.functions-DdzqlSUD.js            [39m[1m[2m  0.48 kB[22m[1m[22m[2m │ gzip:   0.31 kB[22m
[2m.output/public/[22m[36massets/textarea-BFYvGCmX.js                     [39m[1m[2m  0.49 kB[22m[1m[22m[2m │ gzip:   0.34 kB[22m
[2m.output/public/[22m[36massets/trophy-DJitz3YY.js                       [39m[1m[2m  0.49 kB[22m[1m[22m[2m │ gzip:   0.29 kB[22m
[2m.output/public/[22m[36massets/sparkles-C67NTthE.js                     [39m[1m[2m  0.51 kB[22m[1m[22m[2m │ gzip:   0.29 kB[22m
[2m.output/public/[22m[36massets/upload-r0SFaAFR.js                       [39m[1m[2m  0.54 kB[22m[1m[22m[2m │ gzip:   0.33 kB[22m
[2m.output/public/[22m[36massets/trending-down-M7bBzzwx.js                [39m[1m[2m  0.55 kB[22m[1m[22m[2m │ gzip:   0.33 kB[22m
[2m.output/public/[22m[36massets/earth-0IdzEDK0.js                        [39m[1m[2m  0.57 kB[22m[1m[22m[2m │ gzip:   0.35 kB[22m
[2m.output/public/[22m[36massets/input-DpVyq-ci.js                        [39m[1m[2m  0.59 kB[22m[1m[22m[2m │ gzip:   0.37 kB[22m
[2m.output/public/[22m[36massets/pen-line-CEeW9T7b.js                     [39m[1m[2m  0.67 kB[22m[1m[22m[2m │ gzip:   0.40 kB[22m
[2m.output/public/[22m[36massets/_authenticated.departure-DushD9jW.js     [39m[1m[2m  0.70 kB[22m[1m[22m[2m │ gzip:   0.42 kB[22m
[2m.output/public/[22m[36massets/insights.functions-CsDQTTIs.js           [39m[1m[2m  0.72 kB[22m[1m[22m[2m │ gzip:   0.40 kB[22m
[2m.output/public/[22m[36massets/_authenticated.visa-C8AfQh9o.js          [39m[1m[2m  0.72 kB[22m[1m[22m[2m │ gzip:   0.43 kB[22m
[2m.output/public/[22m[36massets/StarField-BrOi58Qq.js                    [39m[1m[2m  0.77 kB[22m[1m[22m[2m │ gzip:   0.48 kB[22m
[2m.output/public/[22m[36massets/badge-Bo26i5Yh.js                        [39m[1m[2m  0.78 kB[22m[1m[22m[2m │ gzip:   0.40 kB[22m
[2m.output/public/[22m[36massets/dreams.functions-D_hOYC_6.js             [39m[1m[2m  0.84 kB[22m[1m[22m[2m │ gzip:   0.45 kB[22m
[2m.output/public/[22m[36massets/label-DNIwlONf.js                        [39m[1m[2m  0.95 kB[22m[1m[22m[2m │ gzip:   0.58 kB[22m
[2m.output/public/[22m[36massets/createLucideIcon-Dmi5tZpP.js             [39m[1m[2m  1.21 kB[22m[1m[22m[2m │ gzip:   0.69 kB[22m
[2m.output/public/[22m[36massets/RadialRing-DWX4qsn4.js                   [39m[1m[2m  1.28 kB[22m[1m[22m[2m │ gzip:   0.64 kB[22m
[2m.output/public/[22m[36massets/settings-B-Yxa98p.js                     [39m[1m[2m  1.50 kB[22m[1m[22m[2m │ gzip:   0.69 kB[22m
[2m.output/public/[22m[36massets/button-DwzNF-2x.js                       [39m[1m[2m  1.94 kB[22m[1m[22m[2m │ gzip:   0.96 kB[22m
[2m.output/public/[22m[36massets/dialog-BHL3Wac8.js                       [39m[1m[2m  2.07 kB[22m[1m[22m[2m │ gzip:   0.84 kB[22m
[2m.output/public/[22m[36massets/index-CY8ecArV.js                        [39m[1m[2m  2.10 kB[22m[1m[22m[2m │ gzip:   0.93 kB[22m
[2m.output/public/[22m[36massets/useMutation-BLTlxp3w.js                  [39m[1m[2m  2.20 kB[22m[1m[22m[2m │ gzip:   0.90 kB[22m
[2m.output/public/[22m[36massets/unlink-D4aTaw87.js                       [39m[1m[2m  2.49 kB[22m[1m[22m[2m │ gzip:   1.08 kB[22m
[2m.output/public/[22m[36massets/switch-Dq6-1o2V.js                       [39m[1m[2m  2.55 kB[22m[1m[22m[2m │ gzip:   1.26 kB[22m
[2m.output/public/[22m[36massets/index-_Sszd7z_.js                        [39m[1m[2m  2.75 kB[22m[1m[22m[2m │ gzip:   1.24 kB[22m
[2m.output/public/[22m[36massets/reset-password-D45Wm2Sz.js               [39m[1m[2m  3.16 kB[22m[1m[22m[2m │ gzip:   1.41 kB[22m
[2m.output/public/[22m[36massets/progress-C4hEJLgT.js                     [39m[1m[2m  3.26 kB[22m[1m[22m[2m │ gzip:   1.55 kB[22m
[2m.output/public/[22m[36massets/scholarships-BMARfCbJ.js                 [39m[1m[2m  3.27 kB[22m[1m[22m[2m │ gzip:   1.24 kB[22m
[2m.output/public/[22m[36massets/index-BvBhLlWa.js                        [39m[1m[2m  3.52 kB[22m[1m[22m[2m │ gzip:   1.51 kB[22m
[2m.output/public/[22m[36massets/index-Cqofzj7h.js                        [39m[1m[2m  4.01 kB[22m[1m[22m[2m │ gzip:   1.90 kB[22m
[2m.output/public/[22m[36massets/auth-D6SLxk3N.js                         [39m[1m[2m  4.73 kB[22m[1m[22m[2m │ gzip:   1.89 kB[22m
[2m.output/public/[22m[36massets/index-Dd3I0Tlz.js                        [39m[1m[2m  4.73 kB[22m[1m[22m[2m │ gzip:   2.11 kB[22m
[2m.output/public/[22m[36massets/_authenticated.scholarships-Cu4o4HRl.js  [39m[1m[2m  6.06 kB[22m[1m[22m[2m │ gzip:   2.36 kB[22m
[2m.output/public/[22m[36massets/_authenticated.mentor-XcTdlTTt.js        [39m[1m[2m  6.46 kB[22m[1m[22m[2m │ gzip:   2.64 kB[22m
[2m.output/public/[22m[36massets/_authenticated.professors-DzHlp08U.js    [39m[1m[2m  6.53 kB[22m[1m[22m[2m │ gzip:   2.49 kB[22m
[2m.output/public/[22m[36massets/index-DCWGAzSh.js                        [39m[1m[2m  6.57 kB[22m[1m[22m[2m │ gzip:   2.50 kB[22m
[2m.output/public/[22m[36massets/ChecklistView-BedGLzBG.js                [39m[1m[2m  7.60 kB[22m[1m[22m[2m │ gzip:   3.22 kB[22m
[2m.output/public/[22m[36massets/_authenticated.onboarding-CCBlCH29.js    [39m[1m[2m  7.95 kB[22m[1m[22m[2m │ gzip:   2.75 kB[22m
[2m.output/public/[22m[36massets/_authenticated.universities-z-y65gkq.js  [39m[1m[2m  7.99 kB[22m[1m[22m[2m │ gzip:   3.01 kB[22m
[2m.output/public/[22m[36massets/_authenticated.finances-CH5242pA.js      [39m[1m[2m  8.64 kB[22m[1m[22m[2m │ gzip:   3.25 kB[22m
[2m.output/public/[22m[36massets/_authenticated.mission-BW6Jebpk.js       [39m[1m[2m  9.29 kB[22m[1m[22m[2m │ gzip:   3.27 kB[22m
[2m.output/public/[22m[36massets/_authenticated.settings-D6JZmaYB.js      [39m[1m[2m 10.16 kB[22m[1m[22m[2m │ gzip:   3.22 kB[22m
[2m.output/public/[22m[36massets/_authenticated.documents-CofebdZL.js     [39m[1m[2m 10.19 kB[22m[1m[22m[2m │ gzip:   3.90 kB[22m
[2m.output/public/[22m[36massets/confetti.module-oQXWb4Lk.js              [39m[1m[2m 10.67 kB[22m[1m[22m[2m │ gzip:   4.28 kB[22m
[2m.output/public/[22m[36massets/_authenticated.dashboard-BW7COAwb.js     [39m[1m[2m 10.69 kB[22m[1m[22m[2m │ gzip:   3.67 kB[22m
[2m.output/public/[22m[36massets/auth-middleware-oE99kwan.js              [39m[1m[2m 13.72 kB[22m[1m[22m[2m │ gzip:   5.19 kB[22m
[2m.output/public/[22m[36massets/_authenticated.analytics-SgwTjdvb.js     [39m[1m[2m 17.65 kB[22m[1m[22m[2m │ gzip:   6.13 kB[22m
[2m.output/public/[22m[36massets/index-Cwiwr9S_.js                        [39m[1m[2m 20.01 kB[22m[1m[22m[2m │ gzip:   7.27 kB[22m
[2m.output/public/[22m[36massets/select-Bs0y1MS6.js                       [39m[1m[2m 22.36 kB[22m[1m[22m[2m │ gzip:   7.78 kB[22m
[2m.output/public/[22m[36massets/index-Cs9YNnFl.js                        [39m[1m[2m 27.28 kB[22m[1m[22m[2m │ gzip:  10.54 kB[22m
[2m.output/public/[22m[36massets/_authenticated-BM71oDsd.js               [39m[1m[2m 28.87 kB[22m[1m[22m[2m │ gzip:   8.59 kB[22m
[2m.output/public/[22m[36massets/utils-BCFsV8Lu.js                        [39m[1m[2m 29.71 kB[22m[1m[22m[2m │ gzip:   9.57 kB[22m
[2m.output/public/[22m[36massets/_authenticated.ielts-DgbbRdbL.js         [39m[1m[2m 30.97 kB[22m[1m[22m[2m │ gzip:  10.04 kB[22m
[2m.output/public/[22m[36massets/proxy-huaVpicR.js                        [39m[1m[2m122.66 kB[22m[1m[22m[2m │ gzip:  40.07 kB[22m
[2m.output/public/[22m[36massets/LineChart-vANtCPEl.js                    [39m[1m[2m392.69 kB[22m[1m[22m[2m │ gzip: 107.75 kB[22m
[2m.output/public/[22m[36massets/_authenticated.achievements-C8Y6ni23.js  [39m[1m[33m584.01 kB[39m[22m[2m │ gzip: 156.02 kB[22m
[2m.output/public/[22m[36massets/index-DiBC9M93.js                        [39m[1m[33m605.81 kB[39m[22m[2m │ gzip: 179.07 kB[22m
node.exe : [33m
At C:\Program Files\nodejs\npm.ps1:29 char:3
+   & $NODE_EXE $NPM_CLI_JS $args
+   ~~~~~~~~~~~~~~~~~~~~~~~~~~~~~
    + CategoryInfo          : NotSpecified: ([33m:String) [], RemoteException
    + FullyQualifiedErrorId : NativeCommandError
 
(!) Some chunks are larger than 500 kB after minification. Consider:
- Using dynamic import() to code-split the application
- Use build.rollupOptions.output.manualChunks to improve chunking: 
https://rollupjs.org/configuration-options/#output-manualchunks
- Adjust chunk size limit for this warning via 
build.chunkSizeWarningLimit.[39m
[32m✓ built in 6.86s[39m
[36mvite v7.3.6 [32mbuilding ssr environment for production...[36m[39m
transforming...
[33m"createRequestHandler", "defineHandlerCallback", 
"transformPipeableStreamWithRouter" and "transformReadableStreamWithRouter" 
are imported from external module "@tanstack/router-core/ssr/server" but never 
used in "node_modules/@tanstack/start-server-core/dist/esm/index.js".[39m
[33m"RawStream" is imported from external module "@tanstack/router-core" but 
never used in 
"node_modules/@tanstack/start-client-core/dist/esm/index.js".[39m
[33m"hydrate" and "json" are imported from external module 
"@tanstack/router-core/ssr/client" but never used in 
"node_modules/@tanstack/start-client-core/dist/esm/index.js".[39m
[32m✓[39m 159 modules transformed.
rendering chunks...
[2mnode_modules/.nitro/vite/services/ssr/[22m[35massets/styles-D6WaNlx7.css                      [39m[1m[2m96.39 kB[22m[1m[22m
[2mnode_modules/.nitro/vite/services/ssr/[22m[36massets/empty-plugin-adapters-BFgPZ6_d.js        [39m[1m[2m 0.13 kB[22m[1m[22m
[2mnode_modules/.nitro/vite/services/ssr/[22m[36massets/utils-H80jjgLf.js                        [39m[1m[2m 0.15 kB[22m[1m[22m
[2mnode_modules/.nitro/vite/services/ssr/[22m[36massets/skeleton-CoUJiN10.js                     [39m[1m[2m 0.28 kB[22m[1m[22m
[2mnode_modules/.nitro/vite/services/ssr/[22m[36massets/createServerRpc-By9UVyLK.js              [39m[1m[2m 0.31 kB[22m[1m[22m
[2mnode_modules/.nitro/vite/services/ssr/[22m[36massets/xp-award.server-eBeLYEXK.js              [39m[1m[2m 0.36 kB[22m[1m[22m
[2mnode_modules/.nitro/vite/services/ssr/[22m[36massets/app-url-DkoDae_S.js                      [39m[1m[2m 0.43 kB[22m[1m[22m
[2mnode_modules/.nitro/vite/services/ssr/[22m[36massets/label-JU3yqRBo.js                        [39m[1m[2m 0.60 kB[22m[1m[22m
[2mnode_modules/.nitro/vite/services/ssr/[22m[36massets/client-CaaME9l8.js                       [39m[1m[2m 0.68 kB[22m[1m[22m
[2mnode_modules/.nitro/vite/services/ssr/[22m[36massets/textarea-DSyJ1nlY.js                     [39m[1m[2m 0.70 kB[22m[1m[22m
[2mnode_modules/.nitro/vite/services/ssr/[22m[36massets/progress-BRG1z6ZI.js                     [39m[1m[2m 0.75 kB[22m[1m[22m
[2mnode_modules/.nitro/vite/services/ssr/[22m[36massets/input-C0QjszdI.js                        [39m[1m[2m 0.80 kB[22m[1m[22m
[2mnode_modules/.nitro/vite/services/ssr/[22m[36massets/badge-DyfXZgLs.js                        [39m[1m[2m 0.98 kB[22m[1m[22m
[2mnode_modules/.nitro/vite/services/ssr/[22m[36massets/client.server-C8UZwOtV.js                [39m[1m[2m 1.03 kB[22m[1m[22m
[2mnode_modules/.nitro/vite/services/ssr/[22m[36massets/StarField-DKCK3UuF.js                    [39m[1m[2m 1.03 kB[22m[1m[22m
[2mnode_modules/.nitro/vite/services/ssr/[22m[36massets/switch-CQ4rbtn8.js                       [39m[1m[2m 1.14 kB[22m[1m[22m
[2mnode_modules/.nitro/vite/services/ssr/[22m[36massets/_authenticated.departure-BR3Ob35L.js     [39m[1m[2m 1.19 kB[22m[1m[22m
[2mnode_modules/.nitro/vite/services/ssr/[22m[36massets/_authenticated.visa-ChKc2FGL.js          [39m[1m[2m 1.21 kB[22m[1m[22m
[2mnode_modules/.nitro/vite/services/ssr/[22m[36massets/xp-D7AeXOk0.js                           [39m[1m[2m 1.34 kB[22m[1m[22m
[2mnode_modules/.nitro/vite/services/ssr/[22m[36massets/createSsrRpc-DoSFiUXx.js                 [39m[1m[2m 1.50 kB[22m[1m[22m
[2mnode_modules/.nitro/vite/services/ssr/[22m[36massets/account.functions-BnZBPnzn.js            [39m[1m[2m 1.62 kB[22m[1m[22m
[2mnode_modules/.nitro/vite/services/ssr/[22m[36massets/profile.functions-DZYApLeP.js            [39m[1m[2m 1.71 kB[22m[1m[22m
[2mnode_modules/.nitro/vite/services/ssr/[22m[36massets/button-BC9oXVxV.js                       [39m[1m[2m 1.72 kB[22m[1m[22m
[2mnode_modules/.nitro/vite/services/ssr/[22m[36massets/insights.functions-CFkirfbT.js           [39m[1m[2m 1.92 kB[22m[1m[22m
[2mnode_modules/.nitro/vite/services/ssr/[22m[36massets/RadialRing-BolRkG7J.js                   [39m[1m[2m 2.04 kB[22m[1m[22m
[2mnode_modules/.nitro/vite/services/ssr/[22m[36massets/auth-middleware-CVz0p28i.js              [39m[1m[2m 2.05 kB[22m[1m[22m
[2mnode_modules/.nitro/vite/services/ssr/[22m[36massets/start-1N3-Qo3j.js                        [39m[1m[2m 2.14 kB[22m[1m[22m
[2mnode_modules/.nitro/vite/services/ssr/[22m[36massets/dreams.functions-CgMdYXUv.js             [39m[1m[2m 2.21 kB[22m[1m[22m
[2mnode_modules/.nitro/vite/services/ssr/[22m[36massets/dialog-8XiXuMbO.js                       [39m[1m[2m 3.25 kB[22m[1m[22m
[2mnode_modules/.nitro/vite/services/ssr/[22m[36mindex.js                                        [39m[1m[2m 3.34 kB[22m[1m[22m
[2mnode_modules/.nitro/vite/services/ssr/[22m[36massets/analytics.functions-DpcwciyE.js          [39m[1m[2m 3.61 kB[22m[1m[22m
[2mnode_modules/.nitro/vite/services/ssr/[22m[36massets/scholarships-oscgEGji.js                 [39m[1m[2m 3.85 kB[22m[1m[22m
[2mnode_modules/.nitro/vite/services/ssr/[22m[36massets/ielts-engine-B4In7Z9q.js                 [39m[1m[2m 4.05 kB[22m[1m[22m
[2mnode_modules/.nitro/vite/services/ssr/[22m[36massets/profile.functions-BXvdTA34.js            [39m[1m[2m 4.08 kB[22m[1m[22m
[2mnode_modules/.nitro/vite/services/ssr/[22m[36massets/universities.functions-BtM0sywm.js       [39m[1m[2m 4.26 kB[22m[1m[22m
[2mnode_modules/.nitro/vite/services/ssr/[22m[36massets/professors.functions-C_xtRHKn.js         [39m[1m[2m 4.30 kB[22m[1m[22m
[2mnode_modules/.nitro/vite/services/ssr/[22m[36massets/index-CT46HwJ3.js                        [39m[1m[2m 4.67 kB[22m[1m[22m
[2mnode_modules/.nitro/vite/services/ssr/[22m[36massets/_authenticated.achievements-BYrLKj69.js  [39m[1m[2m 4.94 kB[22m[1m[22m
[2mnode_modules/.nitro/vite/services/ssr/[22m[36massets/select-CZRUt5a6.js                       [39m[1m[2m 4.97 kB[22m[1m[22m
[2mnode_modules/.nitro/vite/services/ssr/[22m[36massets/reset-password-BrtIJXAU.js               [39m[1m[2m 5.02 kB[22m[1m[22m
[2mnode_modules/.nitro/vite/services/ssr/[22m[36massets/checklist.functions-BUzctltN.js          [39m[1m[2m 5.16 kB[22m[1m[22m
[2mnode_modules/.nitro/vite/services/ssr/[22m[36massets/documents.functions-CaZyyemI.js          [39m[1m[2m 5.22 kB[22m[1m[22m
[2mnode_modules/.nitro/vite/services/ssr/[22m[36massets/ielts.functions-D4yfv3mg.js              [39m[1m[2m 5.45 kB[22m[1m[22m
[2mnode_modules/.nitro/vite/services/ssr/[22m[36massets/finance.functions-DxdfwQ20.js            [39m[1m[2m 5.68 kB[22m[1m[22m
[2mnode_modules/.nitro/vite/services/ssr/[22m[36massets/achievements.functions-BJqWvVR4.js       [39m[1m[2m 5.93 kB[22m[1m[22m
[2mnode_modules/.nitro/vite/services/ssr/[22m[36massets/xp.functions-Bmwg1c7f.js                 [39m[1m[2m 6.02 kB[22m[1m[22m
[2mnode_modules/.nitro/vite/services/ssr/[22m[36massets/insights.functions-KCpvM2i_.js           [39m[1m[2m 6.49 kB[22m[1m[22m
[2mnode_modules/.nitro/vite/services/ssr/[22m[36massets/dreams.functions-8txCdVoF.js             [39m[1m[2m 6.68 kB[22m[1m[22m
[2mnode_modules/.nitro/vite/services/ssr/[22m[36massets/ChecklistView-filPUQtl.js                [39m[1m[2m 7.75 kB[22m[1m[22m
[2mnode_modules/.nitro/vite/services/ssr/[22m[36massets/auth-BIcdpqN3.js                         [39m[1m[2m 7.75 kB[22m[1m[22m
[2mnode_modules/.nitro/vite/services/ssr/[22m[36massets/_authenticated.scholarships-DAUAlI9y.js  [39m[1m[2m 9.68 kB[22m[1m[22m
[2mnode_modules/.nitro/vite/services/ssr/[22m[36massets/_authenticated.mentor-C2zoE8m3.js        [39m[1m[2m10.11 kB[22m[1m[22m
[2mnode_modules/.nitro/vite/services/ssr/[22m[36massets/_authenticated.analytics-CFOtnKU6.js     [39m[1m[2m10.12 kB[22m[1m[22m
[2mnode_modules/.nitro/vite/services/ssr/[22m[36massets/_authenticated.professors-DPeDmlTb.js    [39m[1m[2m11.45 kB[22m[1m[22m
[2mnode_modules/.nitro/vite/services/ssr/[22m[36massets/_authenticated.onboarding-qzjx3mMf.js    [39m[1m[2m12.57 kB[22m[1m[22m
[2mnode_modules/.nitro/vite/services/ssr/[22m[36massets/_tanstack-start-manifest_v-BDNRW_Ux.js   [39m[1m[2m12.98 kB[22m[1m[22m
[2mnode_modules/.nitro/vite/services/ssr/[22m[36massets/_authenticated.universities-Ci68lE7r.js  [39m[1m[2m14.19 kB[22m[1m[22m
[2mnode_modules/.nitro/vite/services/ssr/[22m[36massets/mentor.functions-Dz_WD3Z1.js             [39m[1m[2m14.92 kB[22m[1m[22m
[2mnode_modules/.nitro/vite/services/ssr/[22m[36massets/_authenticated.finances-C4wyZREG.js      [39m[1m[2m15.21 kB[22m[1m[22m
[2mnode_modules/.nitro/vite/services/ssr/[22m[36massets/_authenticated.mission-axHIAI4A.js       [39m[1m[2m15.63 kB[22m[1m[22m
[2mnode_modules/.nitro/vite/services/ssr/[22m[36massets/_authenticated.settings-CxpESOUO.js      [39m[1m[2m16.79 kB[22m[1m[22m
[2mnode_modules/.nitro/vite/services/ssr/[22m[36massets/_authenticated.dashboard-BPcZCrI0.js     [39m[1m[2m17.31 kB[22m[1m[22m
[2mnode_modules/.nitro/vite/services/ssr/[22m[36massets/_authenticated.documents-DBDLvgSF.js     [39m[1m[2m17.51 kB[22m[1m[22m
[2mnode_modules/.nitro/vite/services/ssr/[22m[36massets/router-BwtNN6dW.js                       [39m[1m[2m19.56 kB[22m[1m[22m
[2mnode_modules/.nitro/vite/services/ssr/[22m[36massets/_authenticated.ielts-2Xe_Hado.js         [39m[1m[2m27.09 kB[22m[1m[22m
[2mnode_modules/.nitro/vite/services/ssr/[22m[36massets/_authenticated-DMMkPnrU.js               [39m[1m[2m31.58 kB[22m[1m[22m
[2mnode_modules/.nitro/vite/services/ssr/[22m[36massets/server-lUR5OmzV.js                       [39m[1m[2m72.90 kB[22m[1m[22m
[32m✓ built in 1.48s[39m

[90m[[90mnitro[90m][39m [35m◐[39m Building [[35mNitro[39m] [2m(preset: [36mnode-server[39m, compatibility: [36m2026-06-26[39m)[22m
[90m[[90mnitro[90m][39m [32m✔[39m Generated public [36m.output/public[39m
[36mvite v7.3.6 [32mbuilding nitro environment for production...[36m[39m
transforming...
[33mnode_modules/@tanstack/react-router/dist/esm/index.js (1:0): Module level 
directives cause errors when bundled, "use client" in 
"node_modules/@tanstack/react-router/dist/esm/index.js" was ignored.[39m
[33mnode_modules/sonner/dist/index.mjs (1:0): Module level directives cause 
errors when bundled, "use client" in "node_modules/sonner/dist/index.mjs" was 
ignored.[39m
[33mnode_modules/@tanstack/react-router/dist/esm/ClientOnly.js (1:0): Module 
level directives cause errors when bundled, "use client" in 
"node_modules/@tanstack/react-router/dist/esm/ClientOnly.js" was ignored.[39m
[33mnode_modules/@tanstack/react-router/dist/esm/utils.js (1:0): Module level 
directives cause errors when bundled, "use client" in 
"node_modules/@tanstack/react-router/dist/esm/utils.js" was ignored.[39m
[33mnode_modules/@tanstack/react-router/dist/esm/useNavigate.js (1:0): Module 
level directives cause errors when bundled, "use client" in 
"node_modules/@tanstack/react-router/dist/esm/useNavigate.js" was ignored.[39m
[33mnode_modules/@tanstack/react-router/dist/esm/RouterProvider.js (1:0): 
Module level directives cause errors when bundled, "use client" in 
"node_modules/@tanstack/react-router/dist/esm/RouterProvider.js" was 
ignored.[39m
[33mnode_modules/@tanstack/react-router/dist/esm/useBlocker.js (1:0): Module 
level directives cause errors when bundled, "use client" in 
"node_modules/@tanstack/react-router/dist/esm/useBlocker.js" was ignored.[39m
[33mnode_modules/@tanstack/react-router/dist/esm/useRouterState.js (1:0): 
Module level directives cause errors when bundled, "use client" in 
"node_modules/@tanstack/react-router/dist/esm/useRouterState.js" was 
ignored.[39m
[33mnode_modules/@tanstack/react-router/dist/esm/useLocation.js (1:0): Module 
level directives cause errors when bundled, "use client" in 
"node_modules/@tanstack/react-router/dist/esm/useLocation.js" was ignored.[39m
[33mnode_modules/@tanstack/react-router/dist/esm/HeadContent.js (1:0): Module 
level directives cause errors when bundled, "use client" in 
"node_modules/@tanstack/react-router/dist/esm/HeadContent.js" was ignored.[39m
[33mnode_modules/@tanstack/react-router/dist/esm/Matches.js (1:0): Module 
level directives cause errors when bundled, "use client" in 
"node_modules/@tanstack/react-router/dist/esm/Matches.js" was ignored.[39m
[33mnode_modules/@tanstack/react-router/dist/esm/link.js (1:0): Module level 
directives cause errors when bundled, "use client" in 
"node_modules/@tanstack/react-router/dist/esm/link.js" was ignored.[39m
[33mnode_modules/@tanstack/react-router/dist/esm/Match.js (1:0): Module level 
directives cause errors when bundled, "use client" in 
"node_modules/@tanstack/react-router/dist/esm/Match.js" was ignored.[39m
[33mnode_modules/@tanstack/react-router/dist/esm/CatchBoundary.js (1:0): 
Module level directives cause errors when bundled, "use client" in 
"node_modules/@tanstack/react-router/dist/esm/CatchBoundary.js" was 
ignored.[39m
[33mnode_modules/@tanstack/react-router/dist/esm/useRouter.js (1:0): Module 
level directives cause errors when bundled, "use client" in 
"node_modules/@tanstack/react-router/dist/esm/useRouter.js" was ignored.[39m
[33mnode_modules/@tanstack/react-router/dist/esm/useMatch.js (1:0): Module 
level directives cause errors when bundled, "use client" in 
"node_modules/@tanstack/react-router/dist/esm/useMatch.js" was ignored.[39m
[33mnode_modules/@tanstack/react-router/dist/esm/Asset.js (1:0): Module level 
directives cause errors when bundled, "use client" in 
"node_modules/@tanstack/react-router/dist/esm/Asset.js" was ignored.[39m
[33mnode_modules/@radix-ui/react-label/dist/index.mjs (1:0): Module level 
directives cause errors when bundled, "use client" in 
"node_modules/@radix-ui/react-label/dist/index.mjs" was ignored.[39m
[33mnode_modules/@radix-ui/react-dialog/dist/index.mjs (1:0): Module level 
directives cause errors when bundled, "use client" in 
"node_modules/@radix-ui/react-dialog/dist/index.mjs" was ignored.[39m
[33mnode_modules/@radix-ui/react-tooltip/dist/index.mjs (1:0): Module level 
directives cause errors when bundled, "use client" in 
"node_modules/@radix-ui/react-tooltip/dist/index.mjs" was ignored.[39m
[33mnode_modules/@radix-ui/react-select/dist/index.mjs (1:0): Module level 
directives cause errors when bundled, "use client" in 
"node_modules/@radix-ui/react-select/dist/index.mjs" was ignored.[39m
[33mnode_modules/@radix-ui/react-checkbox/dist/index.mjs (1:0): Module level 
directives cause errors when bundled, "use client" in 
"node_modules/@radix-ui/react-checkbox/dist/index.mjs" was ignored.[39m
[33mnode_modules/@radix-ui/react-progress/dist/index.mjs (1:0): Module level 
directives cause errors when bundled, "use client" in 
"node_modules/@radix-ui/react-progress/dist/index.mjs" was ignored.[39m
[33mnode_modules/@radix-ui/react-switch/dist/index.mjs (1:0): Module level 
directives cause errors when bundled, "use client" in 
"node_modules/@radix-ui/react-switch/dist/index.mjs" was ignored.[39m
[33mnode_modules/@radix-ui/react-tabs/dist/index.mjs (1:0): Module level 
directives cause errors when bundled, "use client" in 
"node_modules/@radix-ui/react-tabs/dist/index.mjs" was ignored.[39m
[33mnode_modules/@radix-ui/react-slider/dist/index.mjs (1:0): Module level 
directives cause errors when bundled, "use client" in 
"node_modules/@radix-ui/react-slider/dist/index.mjs" was ignored.[39m
[33mnode_modules/@tanstack/react-query/build/modern/useQueries.js (1:0): 
Module level directives cause errors when bundled, "use client" in 
"node_modules/@tanstack/react-query/build/modern/useQueries.js" was 
ignored.[39m
[33mnode_modules/@tanstack/react-query/build/modern/useQuery.js (1:0): Module 
level directives cause errors when bundled, "use client" in 
"node_modules/@tanstack/react-query/build/modern/useQuery.js" was ignored.[39m
[33mnode_modules/@tanstack/react-query/build/modern/QueryErrorResetBoundary.js
 (1:0): Module level directives cause errors when bundled, "use client" in 
"node_modules/@tanstack/react-query/build/modern/QueryErrorResetBoundary.js" 
was ignored.[39m
[33mnode_modules/@tanstack/react-query/build/modern/QueryClientProvider.js 
(1:0): Module level directives cause errors when bundled, "use client" in 
"node_modules/@tanstack/react-query/build/modern/QueryClientProvider.js" was 
ignored.[39m
[33mnode_modules/@tanstack/react-query/build/modern/HydrationBoundary.js 
(1:0): Module level directives cause errors when bundled, "use client" in 
"node_modules/@tanstack/react-query/build/modern/HydrationBoundary.js" was 
ignored.[39m
[33mnode_modules/@tanstack/react-query/build/modern/useIsFetching.js (1:0): 
Module level directives cause errors when bundled, "use client" in 
"node_modules/@tanstack/react-query/build/modern/useIsFetching.js" was 
ignored.[39m
[33mnode_modules/@tanstack/react-query/build/modern/useMutationState.js 
(1:0): Module level directives cause errors when bundled, "use client" in 
"node_modules/@tanstack/react-query/build/modern/useMutationState.js" was 
ignored.[39m
[33mnode_modules/@tanstack/react-query/build/modern/useInfiniteQuery.js 
(1:0): Module level directives cause errors when bundled, "use client" in 
"node_modules/@tanstack/react-query/build/modern/useInfiniteQuery.js" was 
ignored.[39m
[33mnode_modules/@tanstack/react-query/build/modern/useMutation.js (1:0): 
Module level directives cause errors when bundled, "use client" in 
"node_modules/@tanstack/react-query/build/modern/useMutation.js" was 
ignored.[39m
[33mnode_modules/@tanstack/react-query/build/modern/IsRestoringProvider.js 
(1:0): Module level directives cause errors when bundled, "use client" in 
"node_modules/@tanstack/react-query/build/modern/IsRestoringProvider.js" was 
ignored.[39m
[33mnode_modules/@tanstack/react-router/dist/esm/routerContext.js (1:0): 
Module level directives cause errors when bundled, "use client" in 
"node_modules/@tanstack/react-router/dist/esm/routerContext.js" was 
ignored.[39m
[33mnode_modules/@tanstack/react-router/dist/esm/matchContext.js (1:0): 
Module level directives cause errors when bundled, "use client" in 
"node_modules/@tanstack/react-router/dist/esm/matchContext.js" was 
ignored.[39m
[33mnode_modules/@tanstack/react-router/dist/esm/Transitioner.js (1:0): 
Module level directives cause errors when bundled, "use client" in 
"node_modules/@tanstack/react-router/dist/esm/Transitioner.js" was 
ignored.[39m
[33mnode_modules/@tanstack/react-query/build/modern/useSuspenseQuery.js 
(1:0): Module level directives cause errors when bundled, "use client" in 
"node_modules/@tanstack/react-query/build/modern/useSuspenseQuery.js" was 
ignored.[39m
[33mnode_modules/@tanstack/react-query/build/modern/useSuspenseInfiniteQuery.j
s (1:0): Module level directives cause errors when bundled, "use client" in 
"node_modules/@tanstack/react-query/build/modern/useSuspenseInfiniteQuery.js" 
was ignored.[39m
[33mnode_modules/@tanstack/react-query/build/modern/useSuspenseQueries.js 
(1:0): Module level directives cause errors when bundled, "use client" in 
"node_modules/@tanstack/react-query/build/modern/useSuspenseQueries.js" was 
ignored.[39m
[33mnode_modules/framer-motion/dist/es/components/AnimatePresence/PopChild.mjs
 (1:0): Module level directives cause errors when bundled, "use client" in 
"node_modules/framer-motion/dist/es/components/AnimatePresence/PopChild.mjs" 
was ignored.[39m
[33mnode_modules/framer-motion/dist/es/components/LazyMotion/index.mjs (1:0): 
Module level directives cause errors when bundled, "use client" in 
"node_modules/framer-motion/dist/es/components/LazyMotion/index.mjs" was 
ignored.[39m
[33mnode_modules/framer-motion/dist/es/components/LayoutGroup/index.mjs 
(1:0): Module level directives cause errors when bundled, "use client" in 
"node_modules/framer-motion/dist/es/components/LayoutGroup/index.mjs" was 
ignored.[39m
[33mnode_modules/framer-motion/dist/es/components/MotionConfig/index.mjs 
(1:0): Module level directives cause errors when bundled, "use client" in 
"node_modules/framer-motion/dist/es/components/MotionConfig/index.mjs" was 
ignored.[39m
[33mnode_modules/framer-motion/dist/es/components/AnimatePresence/PresenceChil
d.mjs (1:0): Module level directives cause errors when bundled, "use client" 
in "node_modules/framer-motion/dist/es/components/AnimatePresence/PresenceChild
.mjs" was ignored.[39m
[33mnode_modules/framer-motion/dist/es/motion/utils/use-visual-state.mjs 
(1:0): Module level directives cause errors when bundled, "use client" in 
"node_modules/framer-motion/dist/es/motion/utils/use-visual-state.mjs" was 
ignored.[39m
[33mnode_modules/framer-motion/dist/es/utils/use-isomorphic-effect.mjs (1:0): 
Module level directives cause errors when bundled, "use client" in 
"node_modules/framer-motion/dist/es/utils/use-isomorphic-effect.mjs" was 
ignored.[39m
[33mnode_modules/framer-motion/dist/es/utils/use-force-update.mjs (1:0): 
Module level directives cause errors when bundled, "use client" in 
"node_modules/framer-motion/dist/es/utils/use-force-update.mjs" was 
ignored.[39m
[33mnode_modules/framer-motion/dist/es/utils/use-unmount-effect.mjs (1:0): 
Module level directives cause errors when bundled, "use client" in 
"node_modules/framer-motion/dist/es/utils/use-unmount-effect.mjs" was 
ignored.[39m
[33mnode_modules/framer-motion/dist/es/render/dom/features-max.mjs (1:0): 
Module level directives cause errors when bundled, "use client" in 
"node_modules/framer-motion/dist/es/render/dom/features-max.mjs" was 
ignored.[39m
[33mnode_modules/framer-motion/dist/es/utils/use-motion-value-event.mjs 
(1:0): Module level directives cause errors when bundled, "use client" in 
"node_modules/framer-motion/dist/es/utils/use-motion-value-event.mjs" was 
ignored.[39m
[33mnode_modules/framer-motion/dist/es/render/dom/features-animation.mjs 
(1:0): Module level directives cause errors when bundled, "use client" in 
"node_modules/framer-motion/dist/es/render/dom/features-animation.mjs" was 
ignored.[39m
[33mnode_modules/framer-motion/dist/es/render/dom/features-min.mjs (1:0): 
Module level directives cause errors when bundled, "use client" in 
"node_modules/framer-motion/dist/es/render/dom/features-min.mjs" was 
ignored.[39m
[33mnode_modules/framer-motion/dist/es/value/use-motion-template.mjs (1:0): 
Module level directives cause errors when bundled, "use client" in 
"node_modules/framer-motion/dist/es/value/use-motion-template.mjs" was 
ignored.[39m
[33mnode_modules/framer-motion/dist/es/value/use-follow-value.mjs (1:0): 
Module level directives cause errors when bundled, "use client" in 
"node_modules/framer-motion/dist/es/value/use-follow-value.mjs" was 
ignored.[39m
[33mnode_modules/framer-motion/dist/es/value/use-motion-value.mjs (1:0): 
Module level directives cause errors when bundled, "use client" in 
"node_modules/framer-motion/dist/es/value/use-motion-value.mjs" was 
ignored.[39m
[33mnode_modules/framer-motion/dist/es/value/use-spring.mjs (1:0): Module 
level directives cause errors when bundled, "use client" in 
"node_modules/framer-motion/dist/es/value/use-spring.mjs" was ignored.[39m
[33mnode_modules/framer-motion/dist/es/value/use-transform.mjs (1:0): Module 
level directives cause errors when bundled, "use client" in 
"node_modules/framer-motion/dist/es/value/use-transform.mjs" was ignored.[39m
[33mnode_modules/framer-motion/dist/es/value/use-velocity.mjs (1:0): Module 
level directives cause errors when bundled, "use client" in 
"node_modules/framer-motion/dist/es/value/use-velocity.mjs" was ignored.[39m
[33mnode_modules/framer-motion/dist/es/value/use-time.mjs (1:0): Module level 
directives cause errors when bundled, "use client" in 
"node_modules/framer-motion/dist/es/value/use-time.mjs" was ignored.[39m
[33mnode_modules/framer-motion/dist/es/value/use-will-change/index.mjs (1:0): 
Module level directives cause errors when bundled, "use client" in 
"node_modules/framer-motion/dist/es/value/use-will-change/index.mjs" was 
ignored.[39m
[33mnode_modules/framer-motion/dist/es/value/use-scroll.mjs (1:0): Module 
level directives cause errors when bundled, "use client" in 
"node_modules/framer-motion/dist/es/value/use-scroll.mjs" was ignored.[39m
[33mnode_modules/framer-motion/dist/es/utils/reduced-motion/use-reduced-motion
-config.mjs (1:0): Module level directives cause errors when bundled, "use 
client" in "node_modules/framer-motion/dist/es/utils/reduced-motion/use-reduced
-motion-config.mjs" was ignored.[39m
[33mnode_modules/framer-motion/dist/es/animation/hooks/use-animate.mjs (1:0): 
Module level directives cause errors when bundled, "use client" in 
"node_modules/framer-motion/dist/es/animation/hooks/use-animate.mjs" was 
ignored.[39m
[33mnode_modules/framer-motion/dist/es/animation/hooks/use-animate-style.mjs 
(1:0): Module level directives cause errors when bundled, "use client" in 
"node_modules/framer-motion/dist/es/animation/hooks/use-animate-style.mjs" was 
ignored.[39m
[33mnode_modules/framer-motion/dist/es/animation/hooks/use-animation.mjs 
(1:0): Module level directives cause errors when bundled, "use client" in 
"node_modules/framer-motion/dist/es/animation/hooks/use-animation.mjs" was 
ignored.[39m
[33mnode_modules/framer-motion/dist/es/components/AnimatePresence/use-presence
.mjs (1:0): Module level directives cause errors when bundled, "use client" in 
"node_modules/framer-motion/dist/es/components/AnimatePresence/use-presence.mjs
" was ignored.[39m
[33mnode_modules/framer-motion/dist/es/components/AnimatePresence/use-presence
-data.mjs (1:0): Module level directives cause errors when bundled, "use 
client" in "node_modules/framer-motion/dist/es/components/AnimatePresence/use-p
resence-data.mjs" was ignored.[39m
[33mnode_modules/framer-motion/dist/es/events/use-dom-event.mjs (1:0): Module 
level directives cause errors when bundled, "use client" in 
"node_modules/framer-motion/dist/es/events/use-dom-event.mjs" was ignored.[39m
[33mnode_modules/framer-motion/dist/es/utils/use-animation-frame.mjs (1:0): 
Module level directives cause errors when bundled, "use client" in 
"node_modules/framer-motion/dist/es/utils/use-animation-frame.mjs" was 
ignored.[39m
[33mnode_modules/framer-motion/dist/es/utils/use-cycle.mjs (1:0): Module 
level directives cause errors when bundled, "use client" in 
"node_modules/framer-motion/dist/es/utils/use-cycle.mjs" was ignored.[39m
[33mnode_modules/framer-motion/dist/es/utils/use-in-view.mjs (1:0): Module 
level directives cause errors when bundled, "use client" in 
"node_modules/framer-motion/dist/es/utils/use-in-view.mjs" was ignored.[39m
[33mnode_modules/framer-motion/dist/es/utils/use-page-in-view.mjs (1:0): 
Module level directives cause errors when bundled, "use client" in 
"node_modules/framer-motion/dist/es/utils/use-page-in-view.mjs" was 
ignored.[39m
[33mnode_modules/framer-motion/dist/es/context/LayoutGroupContext.mjs (1:0): 
Module level directives cause errors when bundled, "use client" in 
"node_modules/framer-motion/dist/es/context/LayoutGroupContext.mjs" was 
ignored.[39m
[33mnode_modules/framer-motion/dist/es/context/PresenceContext.mjs (1:0): 
Module level directives cause errors when bundled, "use client" in 
"node_modules/framer-motion/dist/es/context/PresenceContext.mjs" was 
ignored.[39m
[33mnode_modules/framer-motion/dist/es/context/MotionConfigContext.mjs (1:0): 
Module level directives cause errors when bundled, "use client" in 
"node_modules/framer-motion/dist/es/context/MotionConfigContext.mjs" was 
ignored.[39m
[33mnode_modules/framer-motion/dist/es/utils/use-instant-transition.mjs 
(1:0): Module level directives cause errors when bundled, "use client" in 
"node_modules/framer-motion/dist/es/utils/use-instant-transition.mjs" was 
ignored.[39m
[33mnode_modules/framer-motion/dist/es/context/SwitchLayoutGroupContext.mjs 
(1:0): Module level directives cause errors when bundled, "use client" in 
"node_modules/framer-motion/dist/es/context/SwitchLayoutGroupContext.mjs" was 
ignored.[39m
[33mnode_modules/framer-motion/dist/es/components/AnimateSharedLayout.mjs 
(1:0): Module level directives cause errors when bundled, "use client" in 
"node_modules/framer-motion/dist/es/components/AnimateSharedLayout.mjs" was 
ignored.[39m
[33mnode_modules/framer-motion/dist/es/context/MotionContext/index.mjs (1:0): 
Module level directives cause errors when bundled, "use client" in 
"node_modules/framer-motion/dist/es/context/MotionContext/index.mjs" was 
ignored.[39m
[33mnode_modules/framer-motion/dist/es/context/DeprecatedLayoutGroupContext.mj
s (1:0): Module level directives cause errors when bundled, "use client" in 
"node_modules/framer-motion/dist/es/context/DeprecatedLayoutGroupContext.mjs" 
was ignored.[39m
[33mnode_modules/framer-motion/dist/es/animation/hooks/use-animated-state.mjs 
(1:0): Module level directives cause errors when bundled, "use client" in 
"node_modules/framer-motion/dist/es/animation/hooks/use-animated-state.mjs" 
was ignored.[39m
[33mnode_modules/framer-motion/dist/es/value/use-inverted-scale.mjs (1:0): 
Module level directives cause errors when bundled, "use client" in 
"node_modules/framer-motion/dist/es/value/use-inverted-scale.mjs" was 
ignored.[39m
[33mnode_modules/framer-motion/dist/es/components/AnimatePresence/index.mjs 
(1:0): Module level directives cause errors when bundled, "use client" in 
"node_modules/framer-motion/dist/es/components/AnimatePresence/index.mjs" was 
ignored.[39m
[33mnode_modules/framer-motion/dist/es/utils/reduced-motion/use-reduced-motion
.mjs (1:0): Module level directives cause errors when bundled, "use client" in 
"node_modules/framer-motion/dist/es/utils/reduced-motion/use-reduced-motion.mjs
" was ignored.[39m
[33mnode_modules/@radix-ui/react-focus-scope/dist/index.mjs (1:0): Module 
level directives cause errors when bundled, "use client" in 
"node_modules/@radix-ui/react-focus-scope/dist/index.mjs" was ignored.[39m
[33mnode_modules/@radix-ui/react-portal/dist/index.mjs (1:0): Module level 
directives cause errors when bundled, "use client" in 
"node_modules/@radix-ui/react-portal/dist/index.mjs" was ignored.[39m
[33mnode_modules/@radix-ui/react-dismissable-layer/dist/index.mjs (1:0): 
Module level directives cause errors when bundled, "use client" in 
"node_modules/@radix-ui/react-dismissable-layer/dist/index.mjs" was 
ignored.[39m
[33mnode_modules/@radix-ui/react-presence/dist/index.mjs (1:0): Module level 
directives cause errors when bundled, "use client" in 
"node_modules/@radix-ui/react-presence/dist/index.mjs" was ignored.[39m
[33mnode_modules/@radix-ui/react-focus-guards/dist/index.mjs (1:0): Module 
level directives cause errors when bundled, "use client" in 
"node_modules/@radix-ui/react-focus-guards/dist/index.mjs" was ignored.[39m
[33mnode_modules/@radix-ui/react-popper/dist/index.mjs (1:0): Module level 
directives cause errors when bundled, "use client" in 
"node_modules/@radix-ui/react-popper/dist/index.mjs" was ignored.[39m
[33mnode_modules/@radix-ui/react-collection/dist/index.mjs (1:0): Module 
level directives cause errors when bundled, "use client" in 
"node_modules/@radix-ui/react-collection/dist/index.mjs" was ignored.[39m
[33mnode_modules/@radix-ui/react-roving-focus/dist/index.mjs (1:0): Module 
level directives cause errors when bundled, "use client" in 
"node_modules/@radix-ui/react-roving-focus/dist/index.mjs" was ignored.[39m
[33mnode_modules/@tanstack/react-query/build/modern/errorBoundaryUtils.js 
(1:0): Module level directives cause errors when bundled, "use client" in 
"node_modules/@tanstack/react-query/build/modern/errorBoundaryUtils.js" was 
ignored.[39m
[33mnode_modules/framer-motion/dist/es/context/LazyContext.mjs (1:0): Module 
level directives cause errors when bundled, "use client" in 
"node_modules/framer-motion/dist/es/context/LazyContext.mjs" was ignored.[39m
[33mnode_modules/framer-motion/dist/es/utils/use-constant.mjs (1:0): Module 
level directives cause errors when bundled, "use client" in 
"node_modules/framer-motion/dist/es/utils/use-constant.mjs" was ignored.[39m
[33mnode_modules/framer-motion/dist/es/utils/use-is-mounted.mjs (1:0): Module 
level directives cause errors when bundled, "use client" in 
"node_modules/framer-motion/dist/es/utils/use-is-mounted.mjs" was ignored.[39m
[33mnode_modules/framer-motion/dist/es/value/use-combine-values.mjs (1:0): 
Module level directives cause errors when bundled, "use client" in 
"node_modules/framer-motion/dist/es/value/use-combine-values.mjs" was 
ignored.[39m
[33mnode_modules/framer-motion/dist/es/value/use-computed.mjs (1:0): Module 
level directives cause errors when bundled, "use client" in 
"node_modules/framer-motion/dist/es/value/use-computed.mjs" was ignored.[39m
[33mnode_modules/framer-motion/dist/es/components/Reorder/Group.mjs (1:0): 
Module level directives cause errors when bundled, "use client" in 
"node_modules/framer-motion/dist/es/components/Reorder/Group.mjs" was 
ignored.[39m
[33mnode_modules/framer-motion/dist/es/components/Reorder/Item.mjs (1:0): 
Module level directives cause errors when bundled, "use client" in 
"node_modules/framer-motion/dist/es/components/Reorder/Item.mjs" was 
ignored.[39m
[33mnode_modules/@tanstack/react-query/build/modern/useBaseQuery.js (1:0): 
Module level directives cause errors when bundled, "use client" in 
"node_modules/@tanstack/react-query/build/modern/useBaseQuery.js" was 
ignored.[39m
[33mnode_modules/framer-motion/dist/es/motion/features/layout/MeasureLayout.mj
s (1:0): Module level directives cause errors when bundled, "use client" in 
"node_modules/framer-motion/dist/es/motion/features/layout/MeasureLayout.mjs" 
was ignored.[39m
[33mnode_modules/framer-motion/dist/es/context/ReorderContext.mjs (1:0): 
Module level directives cause errors when bundled, "use client" in 
"node_modules/framer-motion/dist/es/context/ReorderContext.mjs" was 
ignored.[39m
[33mnode_modules/framer-motion/dist/es/motion/index.mjs (1:0): Module level 
directives cause errors when bundled, "use client" in 
"node_modules/framer-motion/dist/es/motion/index.mjs" was ignored.[39m
[33mnode_modules/framer-motion/dist/es/render/dom/use-render.mjs (1:0): 
Module level directives cause errors when bundled, "use client" in 
"node_modules/framer-motion/dist/es/render/dom/use-render.mjs" was 
ignored.[39m
[33mnode_modules/framer-motion/dist/es/context/MotionContext/create.mjs 
(1:0): Module level directives cause errors when bundled, "use client" in 
"node_modules/framer-motion/dist/es/context/MotionContext/create.mjs" was 
ignored.[39m
[33mnode_modules/framer-motion/dist/es/render/html/use-html-visual-state.mjs 
(1:0): Module level directives cause errors when bundled, "use client" in 
"node_modules/framer-motion/dist/es/render/html/use-html-visual-state.mjs" was 
ignored.[39m
[33mnode_modules/framer-motion/dist/es/motion/utils/use-visual-element.mjs 
(1:0): Module level directives cause errors when bundled, "use client" in 
"node_modules/framer-motion/dist/es/motion/utils/use-visual-element.mjs" was 
ignored.[39m
[33mnode_modules/framer-motion/dist/es/motion/utils/use-motion-ref.mjs (1:0): 
Module level directives cause errors when bundled, "use client" in 
"node_modules/framer-motion/dist/es/motion/utils/use-motion-ref.mjs" was 
ignored.[39m
[33mnode_modules/framer-motion/dist/es/render/svg/use-svg-visual-state.mjs 
(1:0): Module level directives cause errors when bundled, "use client" in 
"node_modules/framer-motion/dist/es/render/svg/use-svg-visual-state.mjs" was 
ignored.[39m
[33mnode_modules/framer-motion/dist/es/render/html/use-props.mjs (1:0): 
Module level directives cause errors when bundled, "use client" in 
"node_modules/framer-motion/dist/es/render/html/use-props.mjs" was 
ignored.[39m
[33mnode_modules/framer-motion/dist/es/render/svg/use-props.mjs (1:0): Module 
level directives cause errors when bundled, "use client" in 
"node_modules/framer-motion/dist/es/render/svg/use-props.mjs" was ignored.[39m
[32m✓[39m 3158 modules transformed.
[36mℹ[39m Tracing dependencies:
- [36mtslib[39m (2.8.1)
[32m✔[39m Traced 1 dependencies (4 files) in 39ms.
[36mℹ[39m Ensure your production environment matches the builder OS and architecture ([36mwin32-x64[39m) to avoid native module issues.
rendering chunks...
[2m.output/server/[22m[36m_libs/crossws.mjs                                       [39m[1m[2m  0.00 kB[22m[1m[22m
[2m.output/server/[22m[36m_libs/hookable.mjs                                      [39m[1m[2m  0.00 kB[22m[1m[22m
[2m.output/server/[22m[36m_libs/ohash.mjs                                         [39m[1m[2m  0.00 kB[22m[1m[22m
[2m.output/server/[22m[36m_libs/ocache.mjs                                        [39m[1m[2m  0.00 kB[22m[1m[22m
[2m.output/server/[22m[36m_libs/unstorage.mjs                                     [39m[1m[2m  0.00 kB[22m[1m[22m
[2m.output/server/[22m[36m_libs/croner.mjs                                        [39m[1m[2m  0.00 kB[22m[1m[22m
[2m.output/server/[22m[36m_libs/tanstack__store.mjs                               [39m[1m[2m  0.00 kB[22m[1m[22m
[2m.output/server/[22m[36m_libs/use-sync-external-store.mjs                       [39m[1m[2m  0.00 kB[22m[1m[22m
[2m.output/server/[22m[36m_libs/detect-node-es.mjs                                [39m[1m[2m  0.00 kB[22m[1m[22m
[2m.output/server/[22m[36m_libs/babel__runtime.mjs                                [39m[1m[2m  0.00 kB[22m[1m[22m
[2m.output/server/[22m[36m_libs/dom-helpers.mjs                                   [39m[1m[2m  0.00 kB[22m[1m[22m
[2m.output/server/[22m[36m_libs/tslib.mjs                                         [39m[1m[2m  0.00 kB[22m[1m[22m
[2m.output/server/[22m[36m_libs/tanstack__react-store.mjs                         [39m[1m[2m  0.02 kB[22m[1m[22m
[2m.output/server/[22m[36m_libs/@radix-ui/react-use-effect-event+[...].mjs        [39m[1m[2m  0.02 kB[22m[1m[22m
[2m.output/server/[22m[36m_libs/react-transition-group.mjs                        [39m[1m[2m  0.05 kB[22m[1m[22m
[2m.output/server/[22m[36m_libs/radix-ui__number.mjs                              [39m[1m[2m  0.11 kB[22m[1m[22m
[2m.output/server/[22m[36m_ssr/empty-plugin-adapters-BFgPZ6_d.mjs                 [39m[1m[2m  0.13 kB[22m[1m[22m
[2m.output/server/[22m[36m_libs/tiny-invariant.mjs                                [39m[1m[2m  0.14 kB[22m[1m[22m
[2m.output/server/[22m[36m_libs/get-nonce.mjs                                     [39m[1m[2m  0.16 kB[22m[1m[22m
[2m.output/server/[22m[36m_libs/@radix-ui/react-use-layout-effect+[...].mjs       [39m[1m[2m  0.17 kB[22m[1m[22m
[2m.output/server/[22m[36m_ssr/utils-H80jjgLf.mjs                                 [39m[1m[2m  0.19 kB[22m[1m[22m
[2m.output/server/[22m[36m_libs/rou3.mjs                                          [39m[1m[2m  0.21 kB[22m[1m[22m
[2m.output/server/[22m[36m_libs/radix-ui__react-direction.mjs                     [39m[1m[2m  0.28 kB[22m[1m[22m
[2m.output/server/[22m[36m_ssr/createServerRpc-By9UVyLK.mjs                       [39m[1m[2m  0.31 kB[22m[1m[22m
[2m.output/server/[22m[36m_ssr/skeleton-CoUJiN10.mjs                              [39m[1m[2m  0.32 kB[22m[1m[22m
[2m.output/server/[22m[36m_libs/@radix-ui/react-use-callback-ref+[...].mjs        [39m[1m[2m  0.34 kB[22m[1m[22m
[2m.output/server/[22m[36m_libs/radix-ui__primitive.mjs                           [39m[1m[2m  0.35 kB[22m[1m[22m
[2m.output/server/[22m[36m_ssr/xp-award.server-eBeLYEXK.mjs                       [39m[1m[2m  0.36 kB[22m[1m[22m
[2m.output/server/[22m[36m_libs/radix-ui__react-use-previous.mjs                  [39m[1m[2m  0.39 kB[22m[1m[22m
[2m.output/server/[22m[36m_ssr/app-url-DkoDae_S.mjs                               [39m[1m[2m  0.43 kB[22m[1m[22m
[2m.output/server/[22m[36m_libs/clsx.mjs                                          [39m[1m[2m  0.51 kB[22m[1m[22m
[2m.output/server/[22m[36m_libs/radix-ui__react-id.mjs                            [39m[1m[2m  0.51 kB[22m[1m[22m
[2m.output/server/[22m[36m_chunks/ssr-renderer.mjs                                [39m[1m[2m  0.61 kB[22m[1m[22m
[2m.output/server/[22m[36m_ssr/label-JU3yqRBo.mjs                                 [39m[1m[2m  0.63 kB[22m[1m[22m
[2m.output/server/[22m[36m_libs/@radix-ui/react-use-escape-keydown+[...].mjs      [39m[1m[2m  0.69 kB[22m[1m[22m
[2m.output/server/[22m[36m_libs/radix-ui__react-label.mjs                         [39m[1m[2m  0.69 kB[22m[1m[22m
[2m.output/server/[22m[36m_ssr/client-CaaME9l8.mjs                                [39m[1m[2m  0.69 kB[22m[1m[22m
[2m.output/server/[22m[36m_libs/radix-ui__react-arrow.mjs                         [39m[1m[2m  0.71 kB[22m[1m[22m
[2m.output/server/[22m[36m_ssr/textarea-DSyJ1nlY.mjs                              [39m[1m[2m  0.73 kB[22m[1m[22m
[2m.output/server/[22m[36m_ssr/progress-BRG1z6ZI.mjs                              [39m[1m[2m  0.77 kB[22m[1m[22m
[2m.output/server/[22m[36m_ssr/input-C0QjszdI.mjs                                 [39m[1m[2m  0.83 kB[22m[1m[22m
[2m.output/server/[22m[36m_libs/radix-ui__react-portal.mjs                        [39m[1m[2m  0.83 kB[22m[1m[22m
[2m.output/server/[22m[36m_libs/@radix-ui/react-visually-hidden+[...].mjs         [39m[1m[2m  0.89 kB[22m[1m[22m
[2m.output/server/[22m[36m_libs/radix-ui__react-focus-guards.mjs                  [39m[1m[2m  0.93 kB[22m[1m[22m
[2m.output/server/[22m[36m_libs/radix-ui__react-compose-refs.mjs                  [39m[1m[2m  0.96 kB[22m[1m[22m
[2m.output/server/[22m[36m_ssr/badge-DyfXZgLs.mjs                                 [39m[1m[2m  1.04 kB[22m[1m[22m
[2m.output/server/[22m[36m_libs/radix-ui__react-separator.mjs                     [39m[1m[2m  1.07 kB[22m[1m[22m
[2m.output/server/[22m[36m_ssr/StarField-DKCK3UuF.mjs                             [39m[1m[2m  1.07 kB[22m[1m[22m
[2m.output/server/[22m[36m_ssr/switch-CQ4rbtn8.mjs                                [39m[1m[2m  1.16 kB[22m[1m[22m
[2m.output/server/[22m[36m_libs/internmap.mjs                                     [39m[1m[2m  1.17 kB[22m[1m[22m
[2m.output/server/[22m[36m_libs/radix-ui__react-use-size.mjs                      [39m[1m[2m  1.26 kB[22m[1m[22m
[2m.output/server/[22m[36m_libs/ufo.mjs                                           [39m[1m[2m  1.31 kB[22m[1m[22m
[2m.output/server/[22m[36m_ssr/xp-D7AeXOk0.mjs                                    [39m[1m[2m  1.34 kB[22m[1m[22m
[2m.output/server/[22m[36m_ssr/client.server-C8UZwOtV.mjs                         [39m[1m[2m  1.36 kB[22m[1m[22m
[2m.output/server/[22m[36m_libs/victory-vendor.mjs                                [39m[1m[2m  1.37 kB[22m[1m[22m
[2m.output/server/[22m[36m_libs/cookie-es.mjs                                     [39m[1m[2m  1.46 kB[22m[1m[22m
[2m.output/server/[22m[36m_libs/seroval-plugins.mjs                               [39m[1m[2m  1.47 kB[22m[1m[22m
[2m.output/server/[22m[36m_ssr/createSsrRpc-DoSFiUXx.mjs                          [39m[1m[2m  1.63 kB[22m[1m[22m
[2m.output/server/[22m[36m_libs/react-style-singleton.mjs                         [39m[1m[2m  1.67 kB[22m[1m[22m
[2m.output/server/[22m[36m_libs/use-callback-ref.mjs                              [39m[1m[2m  1.75 kB[22m[1m[22m
[2m.output/server/[22m[36m_ssr/button-BC9oXVxV.mjs                                [39m[1m[2m  1.79 kB[22m[1m[22m
[2m.output/server/[22m[36m_ssr/profile.functions-DZYApLeP.mjs                     [39m[1m[2m  1.85 kB[22m[1m[22m
[2m.output/server/[22m[36m_ssr/insights.functions-CFkirfbT.mjs                    [39m[1m[2m  2.01 kB[22m[1m[22m
[2m.output/server/[22m[36m_ssr/auth-middleware-CVz0p28i.mjs                       [39m[1m[2m  2.07 kB[22m[1m[22m
[2m.output/server/[22m[36m_libs/class-variance-authority.mjs                      [39m[1m[2m  2.14 kB[22m[1m[22m
[2m.output/server/[22m[36m_ssr/account.functions-BnZBPnzn.mjs                     [39m[1m[2m  2.27 kB[22m[1m[22m
[2m.output/server/[22m[36m_ssr/RadialRing-BolRkG7J.mjs                            [39m[1m[2m  2.27 kB[22m[1m[22m
[2m.output/server/[22m[36m_libs/@radix-ui/react-use-controllable-state+[...].mjs  [39m[1m[2m  2.29 kB[22m[1m[22m
[2m.output/server/[22m[36m_ssr/dreams.functions-CgMdYXUv.mjs                      [39m[1m[2m  2.30 kB[22m[1m[22m
[2m.output/server/[22m[36m_libs/prop-types.mjs                                    [39m[1m[2m  2.53 kB[22m[1m[22m
[2m.output/server/[22m[36m_libs/isbot.mjs                                         [39m[1m[2m  2.56 kB[22m[1m[22m
[2m.output/server/[22m[36m_authenticated.departure-BR3Ob35L.mjs                   [39m[1m[2m  2.60 kB[22m[1m[22m
[2m.output/server/[22m[36m_authenticated.visa-ChKc2FGL.mjs                        [39m[1m[2m  2.63 kB[22m[1m[22m
[2m.output/server/[22m[36m_libs/use-sidecar.mjs                                   [39m[1m[2m  2.65 kB[22m[1m[22m
[2m.output/server/[22m[36m_ssr/start-1N3-Qo3j.mjs                                 [39m[1m[2m  2.79 kB[22m[1m[22m
[2m.output/server/[22m[36m_libs/radix-ui__react-collection.mjs                    [39m[1m[2m  3.22 kB[22m[1m[22m
[2m.output/server/[22m[36m_ssr/index.mjs                                          [39m[1m[2m  3.34 kB[22m[1m[22m
[2m.output/server/[22m[36m_libs/d3-path.mjs                                       [39m[1m[2m  3.36 kB[22m[1m[22m
[2m.output/server/[22m[36m_libs/radix-ui__react-primitive.mjs                     [39m[1m[2m  3.41 kB[22m[1m[22m
[2m.output/server/[22m[36m_ssr/dialog-8XiXuMbO.mjs                                [39m[1m[2m  3.41 kB[22m[1m[22m
[2m.output/server/[22m[36m_libs/radix-ui__react-progress.mjs                      [39m[1m[2m  3.56 kB[22m[1m[22m
[2m.output/server/[22m[36m_ssr/scholarships-oscgEGji.mjs                          [39m[1m[2m  3.85 kB[22m[1m[22m
[2m.output/server/[22m[36m_libs/react-remove-scroll-bar.mjs                       [39m[1m[2m  3.96 kB[22m[1m[22m
[2m.output/server/[22m[36m_ssr/ielts-engine-B4In7Z9q.mjs                          [39m[1m[2m  4.05 kB[22m[1m[22m
[2m.output/server/[22m[36m_libs/aria-hidden.mjs                                   [39m[1m[2m  4.06 kB[22m[1m[22m
[2m.output/server/[22m[36m_libs/react-is.mjs                                      [39m[1m[2m  4.11 kB[22m[1m[22m
[2m.output/server/[22m[36m_ssr/analytics.functions-DpcwciyE.mjs                   [39m[1m[2m  4.26 kB[22m[1m[22m
[2m.output/server/[22m[36m_libs/d3-interpolate.mjs                                [39m[1m[2m  4.34 kB[22m[1m[22m
[2m.output/server/[22m[36m_libs/radix-ui__react-presence.mjs                      [39m[1m[2m  4.86 kB[22m[1m[22m
[2m.output/server/[22m[36m_ssr/profile.functions-BXvdTA34.mjs                     [39m[1m[2m  4.88 kB[22m[1m[22m
[2m.output/server/[22m[36m_libs/radix-ui__react-switch.mjs                        [39m[1m[2m  4.91 kB[22m[1m[22m
[2m.output/server/[22m[36m_ssr/universities.functions-BtM0sywm.mjs                [39m[1m[2m  5.03 kB[22m[1m[22m
[2m.output/server/[22m[36m_ssr/professors.functions-C_xtRHKn.mjs                  [39m[1m[2m  5.06 kB[22m[1m[22m
[2m.output/server/[22m[36m_libs/motion-utils.mjs                                  [39m[1m[2m  5.08 kB[22m[1m[22m
[2m.output/server/[22m[36m_ssr/select-CZRUt5a6.mjs                                [39m[1m[2m  5.26 kB[22m[1m[22m
[2m.output/server/[22m[36m_ssr/index-CT46HwJ3.mjs                                 [39m[1m[2m  5.62 kB[22m[1m[22m
[2m.output/server/[22m[36m_ssr/checklist.functions-BUzctltN.mjs                   [39m[1m[2m  5.92 kB[22m[1m[22m
[2m.output/server/[22m[36m_libs/radix-ui__react-context.mjs                       [39m[1m[2m  5.93 kB[22m[1m[22m
[2m.output/server/[22m[36m_ssr/documents.functions-CaZyyemI.mjs                   [39m[1m[2m  5.97 kB[22m[1m[22m
[2m.output/server/[22m[36m_libs/tanstack__history.mjs                             [39m[1m[2m  5.99 kB[22m[1m[22m
[2m.output/server/[22m[36m_ssr/ielts.functions-D4yfv3mg.mjs                       [39m[1m[2m  6.20 kB[22m[1m[22m
[2m.output/server/[22m[36m_ssr/finance.functions-DxdfwQ20.mjs                     [39m[1m[2m  6.43 kB[22m[1m[22m
[2m.output/server/[22m[36m_authenticated.achievements-BYrLKj69.mjs                [39m[1m[2m  6.46 kB[22m[1m[22m
[2m.output/server/[22m[36m_libs/radix-ui__react-tabs.mjs                          [39m[1m[2m  6.49 kB[22m[1m[22m
[2m.output/server/[22m[36m_ssr/reset-password-BrtIJXAU.mjs                        [39m[1m[2m  6.52 kB[22m[1m[22m
[2m.output/server/[22m[36m_libs/eventemitter3.mjs                                 [39m[1m[2m  6.52 kB[22m[1m[22m
[2m.output/server/[22m[36m_ssr/achievements.functions-BJqWvVR4.mjs                [39m[1m[2m  6.58 kB[22m[1m[22m
[2m.output/server/[22m[36m_ssr/xp.functions-Bmwg1c7f.mjs                          [39m[1m[2m  6.73 kB[22m[1m[22m
[2m.output/server/[22m[36m_libs/tanstack__react-query.mjs                         [39m[1m[2m  7.01 kB[22m[1m[22m
[2m.output/server/[22m[36m_ssr/insights.functions-KCpvM2i_.mjs                    [39m[1m[2m  7.14 kB[22m[1m[22m
[2m.output/server/[22m[36m_libs/d3-array.mjs                                      [39m[1m[2m  7.16 kB[22m[1m[22m
[2m.output/server/[22m[36m_ssr/dreams.functions-8txCdVoF.mjs                      [39m[1m[2m  7.42 kB[22m[1m[22m
[2m.output/server/[22m[36m_libs/radix-ui__react-focus-scope.mjs                   [39m[1m[2m  8.07 kB[22m[1m[22m
[2m.output/server/[22m[36m_libs/floating-ui__react-dom.mjs                        [39m[1m[2m  8.42 kB[22m[1m[22m
[2m.output/server/[22m[36m_ssr/ChecklistView-filPUQtl.mjs                         [39m[1m[2m  8.46 kB[22m[1m[22m
[2m.output/server/[22m[36m_libs/radix-ui__react-checkbox.mjs                      [39m[1m[2m  8.65 kB[22m[1m[22m
[2m.output/server/[22m[36m_libs/@radix-ui/react-dismissable-layer+[...].mjs       [39m[1m[2m  8.97 kB[22m[1m[22m
[2m.output/server/[22m[36m_libs/floating-ui__utils.mjs                            [39m[1m[2m  9.47 kB[22m[1m[22m
[2m.output/server/[22m[36m_ssr/auth-BIcdpqN3.mjs                                  [39m[1m[2m  9.47 kB[22m[1m[22m
[2m.output/server/[22m[36m_libs/radix-ui__react-roving-focus.mjs                  [39m[1m[2m  9.53 kB[22m[1m[22m
[2m.output/server/[22m[36m_libs/d3-format.mjs                                     [39m[1m[2m  9.81 kB[22m[1m[22m
[2m.output/server/[22m[36m_libs/h3-v2.mjs                                         [39m[1m[2m  9.98 kB[22m[1m[22m
[2m.output/server/[22m[36m_libs/d3-color.mjs                                      [39m[1m[2m 10.63 kB[22m[1m[22m
[2m.output/server/[22m[36m_libs/d3-time.mjs                                       [39m[1m[2m 10.78 kB[22m[1m[22m
[2m.output/server/[22m[36m_libs/radix-ui__react-popper.mjs                        [39m[1m[2m 11.68 kB[22m[1m[22m
[2m.output/server/[22m[36m_libs/supabase__functions-js.mjs                        [39m[1m[2m 11.82 kB[22m[1m[22m
[2m.output/server/[22m[36m_authenticated.mentor-C2zoE8m3.mjs                      [39m[1m[2m 12.05 kB[22m[1m[22m
[2m.output/server/[22m[36m_libs/recharts-scale.mjs                                [39m[1m[2m 12.43 kB[22m[1m[22m
[2m.output/server/[22m[36m_tanstack-start-manifest_v-BDNRW_Ux.mjs                 [39m[1m[2m 12.98 kB[22m[1m[22m
[2m.output/server/[22m[36m_authenticated.analytics-CFOtnKU6.mjs                   [39m[1m[2m 13.22 kB[22m[1m[22m
[2m.output/server/[22m[36m_authenticated.scholarships-DAUAlI9y.mjs                [39m[1m[2m 13.26 kB[22m[1m[22m
[2m.output/server/[22m[36m_libs/react-remove-scroll.mjs                           [39m[1m[2m 13.37 kB[22m[1m[22m
[2m.output/server/[22m[36m_libs/radix-ui__react-dialog.mjs                        [39m[1m[2m 13.51 kB[22m[1m[22m
[2m.output/server/[22m[36m_libs/fast-equals.mjs                                   [39m[1m[2m 13.70 kB[22m[1m[22m
[2m.output/server/[22m[36m_libs/h3.mjs                                            [39m[1m[2m 14.36 kB[22m[1m[22m
[2m.output/server/[22m[36m_authenticated.onboarding-qzjx3mMf.mjs                  [39m[1m[2m 15.17 kB[22m[1m[22m
[2m.output/server/[22m[36m_authenticated.professors-DPeDmlTb.mjs                  [39m[1m[2m 15.18 kB[22m[1m[22m
[2m.output/server/[22m[36m_ssr/mentor.functions-Dz_WD3Z1.mjs                      [39m[1m[2m 15.65 kB[22m[1m[22m
[2m.output/server/[22m[36m_libs/iceberg-js.mjs                                    [39m[1m[2m 15.70 kB[22m[1m[22m
[2m.output/server/[22m[36m_authenticated.universities-Ci68lE7r.mjs                [39m[1m[2m 18.18 kB[22m[1m[22m
[2m.output/server/[22m[36m_libs/d3-time-format.mjs                                [39m[1m[2m 18.50 kB[22m[1m[22m
[2m.output/server/[22m[36m_libs/radix-ui__react-slot.mjs                          [39m[1m[2m 19.17 kB[22m[1m[22m
[2m.output/server/[22m[36m_authenticated.finances-C4wyZREG.mjs                    [39m[1m[2m 19.32 kB[22m[1m[22m
[2m.output/server/[22m[36m_libs/radix-ui__react-tooltip.mjs                       [39m[1m[2m 19.74 kB[22m[1m[22m
[2m.output/server/[22m[36m_authenticated.settings-CxpESOUO.mjs                    [39m[1m[2m 19.91 kB[22m[1m[22m
[2m.output/server/[22m[36m_authenticated.mission-axHIAI4A.mjs                     [39m[1m[2m 19.93 kB[22m[1m[22m
[2m.output/server/[22m[36m_libs/react.mjs                                         [39m[1m[2m 20.14 kB[22m[1m[22m
[2m.output/server/[22m[36m_authenticated.dashboard-BPcZCrI0.mjs                   [39m[1m[2m 20.23 kB[22m[1m[22m
[2m.output/server/[22m[36m_libs/radix-ui__react-slider.mjs                        [39m[1m[2m 20.74 kB[22m[1m[22m
[2m.output/server/[22m[36m_ssr/router-BwtNN6dW.mjs                                [39m[1m[2m 21.00 kB[22m[1m[22m
[2m.output/server/[22m[36m_libs/floating-ui__dom.mjs                              [39m[1m[2m 21.28 kB[22m[1m[22m
[2m.output/server/[22m[36m_authenticated.documents-DBDLvgSF.mjs                   [39m[1m[2m 21.70 kB[22m[1m[22m
[2m.output/server/[22m[36m_libs/canvas-confetti.mjs                               [39m[1m[2m 23.00 kB[22m[1m[22m
[2m.output/server/[22m[36m_libs/floating-ui__core.mjs                             [39m[1m[2m 24.06 kB[22m[1m[22m
[2m.output/server/[22m[36m_libs/d3-shape.mjs                                      [39m[1m[2m 24.56 kB[22m[1m[22m
[2m.output/server/[22m[36m_libs/decimal.js-light.mjs                              [39m[1m[2m 26.70 kB[22m[1m[22m
[2m.output/server/[22m[36m_libs/srvx.mjs                                          [39m[1m[2m 27.73 kB[22m[1m[22m
[2m.output/server/[22m[36m_libs/d3-scale.mjs                                      [39m[1m[2m 29.02 kB[22m[1m[22m
[2m.output/server/[22m[36m_libs/supabase__supabase-js.mjs                         [39m[1m[2m 30.94 kB[22m[1m[22m
[2m.output/server/[22m[36m_authenticated.ielts-2Xe_Hado.mjs                       [39m[1m[2m 33.12 kB[22m[1m[22m
[2m.output/server/[22m[36mindex.mjs                                               [39m[1m[2m 33.70 kB[22m[1m[22m
[2m.output/server/[22m[36m_authenticated-DMMkPnrU.mjs                             [39m[1m[2m 35.67 kB[22m[1m[22m
[2m.output/server/[22m[36m_libs/react-smooth.mjs                                  [39m[1m[2m 38.16 kB[22m[1m[22m
[2m.output/server/[22m[36m_libs/tanstack__react-router.mjs                        [39m[1m[2m 42.51 kB[22m[1m[22m
[2m.output/server/[22m[36m_libs/seroval.mjs                                       [39m[1m[2m 48.40 kB[22m[1m[22m
[2m.output/server/[22m[36m_libs/radix-ui__react-select.mjs                        [39m[1m[2m 50.64 kB[22m[1m[22m
[2m.output/server/[22m[36m_libs/supabase__phoenix.mjs                             [39m[1m[2m 53.95 kB[22m[1m[22m
[2m.output/server/[22m[36m_libs/sonner.mjs                                        [39m[1m[2m 56.10 kB[22m[1m[22m
[2m.output/server/[22m[36m_libs/framer-motion.mjs                                 [39m[1m[2m 71.35 kB[22m[1m[22m
[2m.output/server/[22m[36m_ssr/server-lUR5OmzV.mjs                                [39m[1m[2m 72.60 kB[22m[1m[22m
[2m.output/server/[22m[36m_libs/supabase__realtime-js.mjs                         [39m[1m[2m 73.03 kB[22m[1m[22m
[2m.output/server/[22m[36m_libs/tanstack__query-core.mjs                          [39m[1m[2m 75.11 kB[22m[1m[22m
[2m.output/server/[22m[36m_libs/supabase__storage-js.mjs                          [39m[1m[2m 97.37 kB[22m[1m[22m
[2m.output/server/[22m[36m_libs/tailwind-merge.mjs                                [39m[1m[2m 99.21 kB[22m[1m[22m
[2m.output/server/[22m[36m_libs/zod.mjs                                           [39m[1m[2m106.08 kB[22m[1m[22m
[2m.output/server/[22m[36m_libs/lodash.mjs                                        [39m[1m[2m113.23 kB[22m[1m[22m
[2m.output/server/[22m[36m_libs/supabase__postgrest-js.mjs                        [39m[1m[2m132.72 kB[22m[1m[22m
[2m.output/server/[22m[36m_libs/tanstack__router-core.mjs                         [39m[1m[2m171.49 kB[22m[1m[22m
[2m.output/server/[22m[36m_libs/motion-dom.mjs                                    [39m[1m[2m207.07 kB[22m[1m[22m
[2m.output/server/[22m[36m_libs/supabase__auth-js.mjs                             [39m[1m[2m298.58 kB[22m[1m[22m
[2m.output/server/[22m[36m_libs/react-dom.mjs                                     [39m[1m[33m509.17 kB[39m[22m
[2m.output/server/[22m[36m_libs/recharts.mjs                                      [39m[1m[33m525.91 kB[39m[22m
[2m.output/server/[22m[36m_libs/lucide-react.mjs                                  [39m[1m[33m837.64 kB[39m[22m
[32m✓ built in 10.92s[39m
[36mℹ[39m Generated [36m.output/nitro.json[39m

[90m[[90mnitro[90m][39m [32m✔[39m You can preview this build using [36mnpx vite preview[39m
